

================================================================
== Vitis HLS Report for 'leaky_relu_ap_fixed_ap_fixed_ap_fixed_16_6_5_3_0_LeakyReLU_config10_s'
================================================================
* Date:           Wed Mar 12 21:21:33 2025

* Version:        2023.1 (Build 3854077 on May  4 2023)
* Project:        myproject_prj
* Solution:       solution1 (Vivado IP Flow Target)
* Product family: virtexuplus
* Target device:  xcvu13p-flga2577-2-e


================================================================
== Performance Estimates
================================================================
+ Timing: 
    * Summary: 
    +--------+---------+----------+------------+
    |  Clock |  Target | Estimated| Uncertainty|
    +--------+---------+----------+------------+
    |ap_clk  |  5.00 ns|  3.313 ns|     0.62 ns|
    +--------+---------+----------+------------+

+ Latency: 
    * Summary: 
    +---------+---------+----------+----------+-----+-----+---------+
    |  Latency (cycles) |  Latency (absolute) |  Interval | Pipeline|
    |   min   |   max   |    min   |    max   | min | max |   Type  |
    +---------+---------+----------+----------+-----+-----+---------+
    |        0|        0|      0 ns|      0 ns|    1|    1|      yes|
    +---------+---------+----------+----------+-----+-----+---------+

    + Detail: 
        * Instance: 
        N/A

        * Loop: 
        N/A



================================================================
== Utilization Estimates
================================================================
* Summary: 
+---------------------+---------+-------+---------+---------+------+
|         Name        | BRAM_18K|  DSP  |    FF   |   LUT   | URAM |
+---------------------+---------+-------+---------+---------+------+
|DSP                  |        -|      -|        -|        -|     -|
|Expression           |        -|      -|        0|      240|     -|
|FIFO                 |        -|      -|        -|        -|     -|
|Instance             |        -|      8|        0|       96|     -|
|Memory               |        -|      -|        -|        -|     -|
|Multiplexer          |        -|      -|        -|        -|     -|
|Register             |        -|      -|        -|        -|     -|
+---------------------+---------+-------+---------+---------+------+
|Total                |        0|      8|        0|      336|     0|
+---------------------+---------+-------+---------+---------+------+
|Available SLR        |     1344|   3072|   864000|   432000|   320|
+---------------------+---------+-------+---------+---------+------+
|Utilization SLR (%)  |        0|     ~0|        0|       ~0|     0|
+---------------------+---------+-------+---------+---------+------+
|Available            |     5376|  12288|  3456000|  1728000|  1280|
+---------------------+---------+-------+---------+---------+------+
|Utilization (%)      |        0|     ~0|        0|       ~0|     0|
+---------------------+---------+-------+---------+---------+------+

+ Detail: 
    * Instance: 
    +--------------------------+--------------------+---------+----+---+----+-----+
    |         Instance         |       Module       | BRAM_18K| DSP| FF| LUT| URAM|
    +--------------------------+--------------------+---------+----+---+----+-----+
    |mul_36s_8ns_36_1_1_U2025  |mul_36s_8ns_36_1_1  |        0|   2|  0|  24|    0|
    |mul_36s_8ns_36_1_1_U2026  |mul_36s_8ns_36_1_1  |        0|   2|  0|  24|    0|
    |mul_36s_8ns_36_1_1_U2027  |mul_36s_8ns_36_1_1  |        0|   2|  0|  24|    0|
    |mul_36s_8ns_36_1_1_U2028  |mul_36s_8ns_36_1_1  |        0|   2|  0|  24|    0|
    +--------------------------+--------------------+---------+----+---+----+-----+
    |Total                     |                    |        0|   8|  0|  96|    0|
    +--------------------------+--------------------+---------+----+---+----+-----+

    * DSP: 
    N/A

    * Memory: 
    N/A

    * FIFO: 
    N/A

    * Expression: 
    +---------------------------+----------+----+---+----+------------+------------+
    |       Variable Name       | Operation| DSP| FF| LUT| Bitwidth P0| Bitwidth P1|
    +---------------------------+----------+----+---+----+------------+------------+
    |icmp_ln509_16_fu_119_p2    |      icmp|   0|  0|  44|          37|           1|
    |icmp_ln509_17_fu_158_p2    |      icmp|   0|  0|  44|          37|           1|
    |icmp_ln509_18_fu_197_p2    |      icmp|   0|  0|  44|          37|           1|
    |icmp_ln509_fu_80_p2        |      icmp|   0|  0|  44|          37|           1|
    |select_ln509_16_fu_150_p3  |    select|   0|  0|  16|           1|          16|
    |select_ln509_17_fu_189_p3  |    select|   0|  0|  16|           1|          16|
    |select_ln509_18_fu_228_p3  |    select|   0|  0|  16|           1|          16|
    |select_ln509_fu_111_p3     |    select|   0|  0|  16|           1|          16|
    +---------------------------+----------+----+---+----+------------+------------+
    |Total                      |          |   0|  0| 240|         152|          68|
    +---------------------------+----------+----+---+----+------------+------------+

    * Multiplexer: 
    N/A

    * Register: 
    N/A



================================================================
== Interface
================================================================
* Summary: 
+-------------+-----+-----+------------+-----------------------------------------------------------------------+--------------+
|  RTL Ports  | Dir | Bits|  Protocol  |                             Source Object                             |    C Type    |
+-------------+-----+-----+------------+-----------------------------------------------------------------------+--------------+
|ap_ready     |  out|    1|  ap_ctrl_hs|  leaky_relu<ap_fixed,ap_fixed,ap_fixed<16,6,5,3,0>,LeakyReLU_config10>|  return value|
|ap_return_0  |  out|   16|  ap_ctrl_hs|  leaky_relu<ap_fixed,ap_fixed,ap_fixed<16,6,5,3,0>,LeakyReLU_config10>|  return value|
|ap_return_1  |  out|   16|  ap_ctrl_hs|  leaky_relu<ap_fixed,ap_fixed,ap_fixed<16,6,5,3,0>,LeakyReLU_config10>|  return value|
|ap_return_2  |  out|   16|  ap_ctrl_hs|  leaky_relu<ap_fixed,ap_fixed,ap_fixed<16,6,5,3,0>,LeakyReLU_config10>|  return value|
|ap_return_3  |  out|   16|  ap_ctrl_hs|  leaky_relu<ap_fixed,ap_fixed,ap_fixed<16,6,5,3,0>,LeakyReLU_config10>|  return value|
|data_0_val   |   in|   37|     ap_none|                                                             data_0_val|        scalar|
|data_1_val   |   in|   37|     ap_none|                                                             data_1_val|        scalar|
|data_2_val   |   in|   37|     ap_none|                                                             data_2_val|        scalar|
|data_3_val   |   in|   37|     ap_none|                                                             data_3_val|        scalar|
+-------------+-----+-----+------------+-----------------------------------------------------------------------+--------------+

