

================================================================
== Vitis HLS Report for 'leaky_relu_ap_fixed_ap_fixed_ap_fixed_16_6_5_3_0_LeakyReLU_config4_s'
================================================================
* Date:           Mon Mar 17 19:52:10 2025

* Version:        2023.1 (Build 3854077 on May  4 2023)
* Project:        myproject_prj
* Solution:       solution1 (Vivado IP Flow Target)
* Product family: virtexuplus
* Target device:  xcvu13p-flga2577-2-e


================================================================
== Performance Estimates
================================================================
+ Timing: 
    * Summary: 
    +--------+---------+----------+------------+
    |  Clock |  Target | Estimated| Uncertainty|
    +--------+---------+----------+------------+
    |ap_clk  |  5.00 ns|  3.363 ns|     0.62 ns|
    +--------+---------+----------+------------+

+ Latency: 
    * Summary: 
    +---------+---------+----------+----------+-----+-----+---------+
    |  Latency (cycles) |  Latency (absolute) |  Interval | Pipeline|
    |   min   |   max   |    min   |    max   | min | max |   Type  |
    +---------+---------+----------+----------+-----+-----+---------+
    |        0|        0|      0 ns|      0 ns|    1|    1|      yes|
    +---------+---------+----------+----------+-----+-----+---------+

    + Detail: 
        * Instance: 
        N/A

        * Loop: 
        N/A



================================================================
== Utilization Estimates
================================================================
* Summary: 
+---------------------+---------+-------+---------+---------+------+
|         Name        | BRAM_18K|  DSP  |    FF   |   LUT   | URAM |
+---------------------+---------+-------+---------+---------+------+
|DSP                  |        -|      -|        -|        -|     -|
|Expression           |        -|      -|        0|     1856|     -|
|FIFO                 |        -|      -|        -|        -|     -|
|Instance             |        -|     64|        0|      704|     -|
|Memory               |        -|      -|        -|        -|     -|
|Multiplexer          |        -|      -|        -|        -|     -|
|Register             |        -|      -|        -|        -|     -|
+---------------------+---------+-------+---------+---------+------+
|Total                |        0|     64|        0|     2560|     0|
+---------------------+---------+-------+---------+---------+------+
|Available SLR        |     1344|   3072|   864000|   432000|   320|
+---------------------+---------+-------+---------+---------+------+
|Utilization SLR (%)  |        0|      2|        0|       ~0|     0|
+---------------------+---------+-------+---------+---------+------+
|Available            |     5376|  12288|  3456000|  1728000|  1280|
+---------------------+---------+-------+---------+---------+------+
|Utilization (%)      |        0|     ~0|        0|       ~0|     0|
+---------------------+---------+-------+---------+---------+------+

+ Detail: 
    * Instance: 
    +--------------------------+--------------------+---------+----+---+----+-----+
    |         Instance         |       Module       | BRAM_18K| DSP| FF| LUT| URAM|
    +--------------------------+--------------------+---------+----+---+----+-----+
    |mul_34s_8ns_34_1_1_U1436  |mul_34s_8ns_34_1_1  |        0|   2|  0|  22|    0|
    |mul_34s_8ns_34_1_1_U1437  |mul_34s_8ns_34_1_1  |        0|   2|  0|  22|    0|
    |mul_34s_8ns_34_1_1_U1438  |mul_34s_8ns_34_1_1  |        0|   2|  0|  22|    0|
    |mul_34s_8ns_34_1_1_U1439  |mul_34s_8ns_34_1_1  |        0|   2|  0|  22|    0|
    |mul_34s_8ns_34_1_1_U1440  |mul_34s_8ns_34_1_1  |        0|   2|  0|  22|    0|
    |mul_34s_8ns_34_1_1_U1441  |mul_34s_8ns_34_1_1  |        0|   2|  0|  22|    0|
    |mul_34s_8ns_34_1_1_U1442  |mul_34s_8ns_34_1_1  |        0|   2|  0|  22|    0|
    |mul_34s_8ns_34_1_1_U1443  |mul_34s_8ns_34_1_1  |        0|   2|  0|  22|    0|
    |mul_34s_8ns_34_1_1_U1444  |mul_34s_8ns_34_1_1  |        0|   2|  0|  22|    0|
    |mul_34s_8ns_34_1_1_U1445  |mul_34s_8ns_34_1_1  |        0|   2|  0|  22|    0|
    |mul_34s_8ns_34_1_1_U1446  |mul_34s_8ns_34_1_1  |        0|   2|  0|  22|    0|
    |mul_34s_8ns_34_1_1_U1447  |mul_34s_8ns_34_1_1  |        0|   2|  0|  22|    0|
    |mul_34s_8ns_34_1_1_U1448  |mul_34s_8ns_34_1_1  |        0|   2|  0|  22|    0|
    |mul_34s_8ns_34_1_1_U1449  |mul_34s_8ns_34_1_1  |        0|   2|  0|  22|    0|
    |mul_34s_8ns_34_1_1_U1450  |mul_34s_8ns_34_1_1  |        0|   2|  0|  22|    0|
    |mul_34s_8ns_34_1_1_U1451  |mul_34s_8ns_34_1_1  |        0|   2|  0|  22|    0|
    |mul_34s_8ns_34_1_1_U1452  |mul_34s_8ns_34_1_1  |        0|   2|  0|  22|    0|
    |mul_34s_8ns_34_1_1_U1453  |mul_34s_8ns_34_1_1  |        0|   2|  0|  22|    0|
    |mul_34s_8ns_34_1_1_U1454  |mul_34s_8ns_34_1_1  |        0|   2|  0|  22|    0|
    |mul_34s_8ns_34_1_1_U1455  |mul_34s_8ns_34_1_1  |        0|   2|  0|  22|    0|
    |mul_34s_8ns_34_1_1_U1456  |mul_34s_8ns_34_1_1  |        0|   2|  0|  22|    0|
    |mul_34s_8ns_34_1_1_U1457  |mul_34s_8ns_34_1_1  |        0|   2|  0|  22|    0|
    |mul_34s_8ns_34_1_1_U1458  |mul_34s_8ns_34_1_1  |        0|   2|  0|  22|    0|
    |mul_34s_8ns_34_1_1_U1459  |mul_34s_8ns_34_1_1  |        0|   2|  0|  22|    0|
    |mul_34s_8ns_34_1_1_U1460  |mul_34s_8ns_34_1_1  |        0|   2|  0|  22|    0|
    |mul_34s_8ns_34_1_1_U1461  |mul_34s_8ns_34_1_1  |        0|   2|  0|  22|    0|
    |mul_34s_8ns_34_1_1_U1462  |mul_34s_8ns_34_1_1  |        0|   2|  0|  22|    0|
    |mul_34s_8ns_34_1_1_U1463  |mul_34s_8ns_34_1_1  |        0|   2|  0|  22|    0|
    |mul_34s_8ns_34_1_1_U1464  |mul_34s_8ns_34_1_1  |        0|   2|  0|  22|    0|
    |mul_34s_8ns_34_1_1_U1465  |mul_34s_8ns_34_1_1  |        0|   2|  0|  22|    0|
    |mul_34s_8ns_34_1_1_U1466  |mul_34s_8ns_34_1_1  |        0|   2|  0|  22|    0|
    |mul_34s_8ns_34_1_1_U1467  |mul_34s_8ns_34_1_1  |        0|   2|  0|  22|    0|
    +--------------------------+--------------------+---------+----+---+----+-----+
    |Total                     |                    |        0|  64|  0| 704|    0|
    +--------------------------+--------------------+---------+----+---+----+-----+

    * DSP: 
    N/A

    * Memory: 
    N/A

    * FIFO: 
    N/A

    * Expression: 
    +----------------------------+----------+----+---+----+------------+------------+
    |        Variable Name       | Operation| DSP| FF| LUT| Bitwidth P0| Bitwidth P1|
    +----------------------------+----------+----+---+----+------------+------------+
    |icmp_ln509_16_fu_483_p2     |      icmp|   0|  0|  42|          35|           1|
    |icmp_ln509_17_fu_522_p2     |      icmp|   0|  0|  42|          35|           1|
    |icmp_ln509_18_fu_561_p2     |      icmp|   0|  0|  42|          35|           1|
    |icmp_ln509_19_fu_600_p2     |      icmp|   0|  0|  42|          35|           1|
    |icmp_ln509_20_fu_639_p2     |      icmp|   0|  0|  42|          35|           1|
    |icmp_ln509_21_fu_678_p2     |      icmp|   0|  0|  42|          35|           1|
    |icmp_ln509_22_fu_717_p2     |      icmp|   0|  0|  42|          35|           1|
    |icmp_ln509_23_fu_756_p2     |      icmp|   0|  0|  42|          35|           1|
    |icmp_ln509_24_fu_795_p2     |      icmp|   0|  0|  42|          35|           1|
    |icmp_ln509_25_fu_834_p2     |      icmp|   0|  0|  42|          35|           1|
    |icmp_ln509_26_fu_873_p2     |      icmp|   0|  0|  42|          35|           1|
    |icmp_ln509_27_fu_912_p2     |      icmp|   0|  0|  42|          35|           1|
    |icmp_ln509_28_fu_951_p2     |      icmp|   0|  0|  42|          35|           1|
    |icmp_ln509_29_fu_990_p2     |      icmp|   0|  0|  42|          35|           1|
    |icmp_ln509_30_fu_1029_p2    |      icmp|   0|  0|  42|          35|           1|
    |icmp_ln509_31_fu_1068_p2    |      icmp|   0|  0|  42|          35|           1|
    |icmp_ln509_32_fu_1107_p2    |      icmp|   0|  0|  42|          35|           1|
    |icmp_ln509_33_fu_1146_p2    |      icmp|   0|  0|  42|          35|           1|
    |icmp_ln509_34_fu_1185_p2    |      icmp|   0|  0|  42|          35|           1|
    |icmp_ln509_35_fu_1224_p2    |      icmp|   0|  0|  42|          35|           1|
    |icmp_ln509_36_fu_1263_p2    |      icmp|   0|  0|  42|          35|           1|
    |icmp_ln509_37_fu_1302_p2    |      icmp|   0|  0|  42|          35|           1|
    |icmp_ln509_38_fu_1341_p2    |      icmp|   0|  0|  42|          35|           1|
    |icmp_ln509_39_fu_1380_p2    |      icmp|   0|  0|  42|          35|           1|
    |icmp_ln509_40_fu_1419_p2    |      icmp|   0|  0|  42|          35|           1|
    |icmp_ln509_41_fu_1458_p2    |      icmp|   0|  0|  42|          35|           1|
    |icmp_ln509_42_fu_1497_p2    |      icmp|   0|  0|  42|          35|           1|
    |icmp_ln509_43_fu_1536_p2    |      icmp|   0|  0|  42|          35|           1|
    |icmp_ln509_44_fu_1575_p2    |      icmp|   0|  0|  42|          35|           1|
    |icmp_ln509_45_fu_1614_p2    |      icmp|   0|  0|  42|          35|           1|
    |icmp_ln509_46_fu_1653_p2    |      icmp|   0|  0|  42|          35|           1|
    |icmp_ln509_fu_444_p2        |      icmp|   0|  0|  42|          35|           1|
    |select_ln509_16_fu_514_p3   |    select|   0|  0|  16|           1|          16|
    |select_ln509_17_fu_553_p3   |    select|   0|  0|  16|           1|          16|
    |select_ln509_18_fu_592_p3   |    select|   0|  0|  16|           1|          16|
    |select_ln509_19_fu_631_p3   |    select|   0|  0|  16|           1|          16|
    |select_ln509_20_fu_670_p3   |    select|   0|  0|  16|           1|          16|
    |select_ln509_21_fu_709_p3   |    select|   0|  0|  16|           1|          16|
    |select_ln509_22_fu_748_p3   |    select|   0|  0|  16|           1|          16|
    |select_ln509_23_fu_787_p3   |    select|   0|  0|  16|           1|          16|
    |select_ln509_24_fu_826_p3   |    select|   0|  0|  16|           1|          16|
    |select_ln509_25_fu_865_p3   |    select|   0|  0|  16|           1|          16|
    |select_ln509_26_fu_904_p3   |    select|   0|  0|  16|           1|          16|
    |select_ln509_27_fu_943_p3   |    select|   0|  0|  16|           1|          16|
    |select_ln509_28_fu_982_p3   |    select|   0|  0|  16|           1|          16|
    |select_ln509_29_fu_1021_p3  |    select|   0|  0|  16|           1|          16|
    |select_ln509_30_fu_1060_p3  |    select|   0|  0|  16|           1|          16|
    |select_ln509_31_fu_1099_p3  |    select|   0|  0|  16|           1|          16|
    |select_ln509_32_fu_1138_p3  |    select|   0|  0|  16|           1|          16|
    |select_ln509_33_fu_1177_p3  |    select|   0|  0|  16|           1|          16|
    |select_ln509_34_fu_1216_p3  |    select|   0|  0|  16|           1|          16|
    |select_ln509_35_fu_1255_p3  |    select|   0|  0|  16|           1|          16|
    |select_ln509_36_fu_1294_p3  |    select|   0|  0|  16|           1|          16|
    |select_ln509_37_fu_1333_p3  |    select|   0|  0|  16|           1|          16|
    |select_ln509_38_fu_1372_p3  |    select|   0|  0|  16|           1|          16|
    |select_ln509_39_fu_1411_p3  |    select|   0|  0|  16|           1|          16|
    |select_ln509_40_fu_1450_p3  |    select|   0|  0|  16|           1|          16|
    |select_ln509_41_fu_1489_p3  |    select|   0|  0|  16|           1|          16|
    |select_ln509_42_fu_1528_p3  |    select|   0|  0|  16|           1|          16|
    |select_ln509_43_fu_1567_p3  |    select|   0|  0|  16|           1|          16|
    |select_ln509_44_fu_1606_p3  |    select|   0|  0|  16|           1|          16|
    |select_ln509_45_fu_1645_p3  |    select|   0|  0|  16|           1|          16|
    |select_ln509_46_fu_1684_p3  |    select|   0|  0|  16|           1|          16|
    |select_ln509_fu_475_p3      |    select|   0|  0|  16|           1|          16|
    +----------------------------+----------+----+---+----+------------+------------+
    |Total                       |          |   0|  0|1856|        1152|         544|
    +----------------------------+----------+----+---+----+------------+------------+

    * Multiplexer: 
    N/A

    * Register: 
    N/A



================================================================
== Interface
================================================================
* Summary: 
+--------------+-----+-----+------------+----------------------------------------------------------------------+--------------+
|   RTL Ports  | Dir | Bits|  Protocol  |                             Source Object                            |    C Type    |
+--------------+-----+-----+------------+----------------------------------------------------------------------+--------------+
|ap_ready      |  out|    1|  ap_ctrl_hs|  leaky_relu<ap_fixed,ap_fixed,ap_fixed<16,6,5,3,0>,LeakyReLU_config4>|  return value|
|ap_return_0   |  out|   16|  ap_ctrl_hs|  leaky_relu<ap_fixed,ap_fixed,ap_fixed<16,6,5,3,0>,LeakyReLU_config4>|  return value|
|ap_return_1   |  out|   16|  ap_ctrl_hs|  leaky_relu<ap_fixed,ap_fixed,ap_fixed<16,6,5,3,0>,LeakyReLU_config4>|  return value|
|ap_return_2   |  out|   16|  ap_ctrl_hs|  leaky_relu<ap_fixed,ap_fixed,ap_fixed<16,6,5,3,0>,LeakyReLU_config4>|  return value|
|ap_return_3   |  out|   16|  ap_ctrl_hs|  leaky_relu<ap_fixed,ap_fixed,ap_fixed<16,6,5,3,0>,LeakyReLU_config4>|  return value|
|ap_return_4   |  out|   16|  ap_ctrl_hs|  leaky_relu<ap_fixed,ap_fixed,ap_fixed<16,6,5,3,0>,LeakyReLU_config4>|  return value|
|ap_return_5   |  out|   16|  ap_ctrl_hs|  leaky_relu<ap_fixed,ap_fixed,ap_fixed<16,6,5,3,0>,LeakyReLU_config4>|  return value|
|ap_return_6   |  out|   16|  ap_ctrl_hs|  leaky_relu<ap_fixed,ap_fixed,ap_fixed<16,6,5,3,0>,LeakyReLU_config4>|  return value|
|ap_return_7   |  out|   16|  ap_ctrl_hs|  leaky_relu<ap_fixed,ap_fixed,ap_fixed<16,6,5,3,0>,LeakyReLU_config4>|  return value|
|ap_return_8   |  out|   16|  ap_ctrl_hs|  leaky_relu<ap_fixed,ap_fixed,ap_fixed<16,6,5,3,0>,LeakyReLU_config4>|  return value|
|ap_return_9   |  out|   16|  ap_ctrl_hs|  leaky_relu<ap_fixed,ap_fixed,ap_fixed<16,6,5,3,0>,LeakyReLU_config4>|  return value|
|ap_return_10  |  out|   16|  ap_ctrl_hs|  leaky_relu<ap_fixed,ap_fixed,ap_fixed<16,6,5,3,0>,LeakyReLU_config4>|  return value|
|ap_return_11  |  out|   16|  ap_ctrl_hs|  leaky_relu<ap_fixed,ap_fixed,ap_fixed<16,6,5,3,0>,LeakyReLU_config4>|  return value|
|ap_return_12  |  out|   16|  ap_ctrl_hs|  leaky_relu<ap_fixed,ap_fixed,ap_fixed<16,6,5,3,0>,LeakyReLU_config4>|  return value|
|ap_return_13  |  out|   16|  ap_ctrl_hs|  leaky_relu<ap_fixed,ap_fixed,ap_fixed<16,6,5,3,0>,LeakyReLU_config4>|  return value|
|ap_return_14  |  out|   16|  ap_ctrl_hs|  leaky_relu<ap_fixed,ap_fixed,ap_fixed<16,6,5,3,0>,LeakyReLU_config4>|  return value|
|ap_return_15  |  out|   16|  ap_ctrl_hs|  leaky_relu<ap_fixed,ap_fixed,ap_fixed<16,6,5,3,0>,LeakyReLU_config4>|  return value|
|ap_return_16  |  out|   16|  ap_ctrl_hs|  leaky_relu<ap_fixed,ap_fixed,ap_fixed<16,6,5,3,0>,LeakyReLU_config4>|  return value|
|ap_return_17  |  out|   16|  ap_ctrl_hs|  leaky_relu<ap_fixed,ap_fixed,ap_fixed<16,6,5,3,0>,LeakyReLU_config4>|  return value|
|ap_return_18  |  out|   16|  ap_ctrl_hs|  leaky_relu<ap_fixed,ap_fixed,ap_fixed<16,6,5,3,0>,LeakyReLU_config4>|  return value|
|ap_return_19  |  out|   16|  ap_ctrl_hs|  leaky_relu<ap_fixed,ap_fixed,ap_fixed<16,6,5,3,0>,LeakyReLU_config4>|  return value|
|ap_return_20  |  out|   16|  ap_ctrl_hs|  leaky_relu<ap_fixed,ap_fixed,ap_fixed<16,6,5,3,0>,LeakyReLU_config4>|  return value|
|ap_return_21  |  out|   16|  ap_ctrl_hs|  leaky_relu<ap_fixed,ap_fixed,ap_fixed<16,6,5,3,0>,LeakyReLU_config4>|  return value|
|ap_return_22  |  out|   16|  ap_ctrl_hs|  leaky_relu<ap_fixed,ap_fixed,ap_fixed<16,6,5,3,0>,LeakyReLU_config4>|  return value|
|ap_return_23  |  out|   16|  ap_ctrl_hs|  leaky_relu<ap_fixed,ap_fixed,ap_fixed<16,6,5,3,0>,LeakyReLU_config4>|  return value|
|ap_return_24  |  out|   16|  ap_ctrl_hs|  leaky_relu<ap_fixed,ap_fixed,ap_fixed<16,6,5,3,0>,LeakyReLU_config4>|  return value|
|ap_return_25  |  out|   16|  ap_ctrl_hs|  leaky_relu<ap_fixed,ap_fixed,ap_fixed<16,6,5,3,0>,LeakyReLU_config4>|  return value|
|ap_return_26  |  out|   16|  ap_ctrl_hs|  leaky_relu<ap_fixed,ap_fixed,ap_fixed<16,6,5,3,0>,LeakyReLU_config4>|  return value|
|ap_return_27  |  out|   16|  ap_ctrl_hs|  leaky_relu<ap_fixed,ap_fixed,ap_fixed<16,6,5,3,0>,LeakyReLU_config4>|  return value|
|ap_return_28  |  out|   16|  ap_ctrl_hs|  leaky_relu<ap_fixed,ap_fixed,ap_fixed<16,6,5,3,0>,LeakyReLU_config4>|  return value|
|ap_return_29  |  out|   16|  ap_ctrl_hs|  leaky_relu<ap_fixed,ap_fixed,ap_fixed<16,6,5,3,0>,LeakyReLU_config4>|  return value|
|ap_return_30  |  out|   16|  ap_ctrl_hs|  leaky_relu<ap_fixed,ap_fixed,ap_fixed<16,6,5,3,0>,LeakyReLU_config4>|  return value|
|ap_return_31  |  out|   16|  ap_ctrl_hs|  leaky_relu<ap_fixed,ap_fixed,ap_fixed<16,6,5,3,0>,LeakyReLU_config4>|  return value|
|data_0_val    |   in|   35|     ap_none|                                                            data_0_val|        scalar|
|data_1_val    |   in|   35|     ap_none|                                                            data_1_val|        scalar|
|data_2_val    |   in|   35|     ap_none|                                                            data_2_val|        scalar|
|data_3_val    |   in|   35|     ap_none|                                                            data_3_val|        scalar|
|data_4_val    |   in|   35|     ap_none|                                                            data_4_val|        scalar|
|data_5_val    |   in|   35|     ap_none|                                                            data_5_val|        scalar|
|data_6_val    |   in|   35|     ap_none|                                                            data_6_val|        scalar|
|data_7_val    |   in|   35|     ap_none|                                                            data_7_val|        scalar|
|data_8_val    |   in|   35|     ap_none|                                                            data_8_val|        scalar|
|data_9_val    |   in|   35|     ap_none|                                                            data_9_val|        scalar|
|data_10_val   |   in|   35|     ap_none|                                                           data_10_val|        scalar|
|data_11_val   |   in|   35|     ap_none|                                                           data_11_val|        scalar|
|data_12_val   |   in|   35|     ap_none|                                                           data_12_val|        scalar|
|data_13_val   |   in|   35|     ap_none|                                                           data_13_val|        scalar|
|data_14_val   |   in|   35|     ap_none|                                                           data_14_val|        scalar|
|data_15_val   |   in|   35|     ap_none|                                                           data_15_val|        scalar|
|data_16_val   |   in|   35|     ap_none|                                                           data_16_val|        scalar|
|data_17_val   |   in|   35|     ap_none|                                                           data_17_val|        scalar|
|data_18_val   |   in|   35|     ap_none|                                                           data_18_val|        scalar|
|data_19_val   |   in|   35|     ap_none|                                                           data_19_val|        scalar|
|data_20_val   |   in|   35|     ap_none|                                                           data_20_val|        scalar|
|data_21_val   |   in|   35|     ap_none|                                                           data_21_val|        scalar|
|data_22_val   |   in|   35|     ap_none|                                                           data_22_val|        scalar|
|data_23_val   |   in|   35|     ap_none|                                                           data_23_val|        scalar|
|data_24_val   |   in|   35|     ap_none|                                                           data_24_val|        scalar|
|data_25_val   |   in|   35|     ap_none|                                                           data_25_val|        scalar|
|data_26_val   |   in|   35|     ap_none|                                                           data_26_val|        scalar|
|data_27_val   |   in|   35|     ap_none|                                                           data_27_val|        scalar|
|data_28_val   |   in|   35|     ap_none|                                                           data_28_val|        scalar|
|data_29_val   |   in|   35|     ap_none|                                                           data_29_val|        scalar|
|data_30_val   |   in|   35|     ap_none|                                                           data_30_val|        scalar|
|data_31_val   |   in|   35|     ap_none|                                                           data_31_val|        scalar|
+--------------+-----+-----+------------+----------------------------------------------------------------------+--------------+

